
Memory Configuration

Name             Origin             Length             Attributes
flash            0x08000000         0x00020000         xr
sram             0x20000000         0x00005000         xrw
*default*        0x00000000         0xffffffff

Linker script and memory map


.text           0x08000000      0x124
 *(.vectors*)
 .vectors       0x08000000       0x18 startup.o
                0x08000000                vectors
 *(.text*)
 .text          0x08000018       0x7c main.o
                0x08000018                main
 .text          0x08000094       0x90 startup.o
                0x08000094                H_Fault_Handler
                0x08000094                Bus_Handler
                0x08000094                Default_Handler
                0x08000094                Usage_Fault_Handler
                0x08000094                NMI_Handler
                0x080000a0                Reset_Handler
 *(.rodata*)
                0x08000124                        . = ALIGN (0x4)
                0x08000124                        _E_TEXT = .

.glue_7         0x08000124        0x0
 .glue_7        0x08000124        0x0 linker stubs

.glue_7t        0x08000124        0x0
 .glue_7t       0x08000124        0x0 linker stubs

.vfp11_veneer   0x08000124        0x0
 .vfp11_veneer  0x08000124        0x0 linker stubs

.v4_bx          0x08000124        0x0
 .v4_bx         0x08000124        0x0 linker stubs

.iplt           0x08000124        0x0
 .iplt          0x08000124        0x0 startup.o

.rel.dyn        0x08000124        0x0
 .rel.iplt      0x08000124        0x0 startup.o

.data           0x20000000        0x0 load address 0x08000124
                0x20000000                        _S_DATA = .
 *(.data*)
 .data          0x20000000        0x0 main.o
 .data          0x20000000        0x0 startup.o
                0x20000000                        . = ALIGN (0x4)
                0x20000000                        _E_DATA = .

.igot.plt       0x20000000        0x0 load address 0x08000124
 .igot.plt      0x20000000        0x0 startup.o

.bss            0x20000000        0x0 load address 0x08000124
                0x20000000                        _S_BSS = .
 *(.bss*)
 .bss           0x20000000        0x0 main.o
 .bss           0x20000000        0x0 startup.o
                0x20000000                        . = ALIGN (0x4)
                0x20000000                        _E_BSS = .
                0x20002000                        . = (. + 0x2000)
                0x20002000                        STACK_TOP = .
LOAD main.o
LOAD startup.o
OUTPUT(ledToggleLabAdvanced.elf elf32-littlearm)
LOAD linker stubs

.debug_info     0x00000000      0x260
 .debug_info    0x00000000       0x97 main.o
 .debug_info    0x00000097      0x1c9 startup.o

.debug_abbrev   0x00000000      0x17e
 .debug_abbrev  0x00000000       0x83 main.o
 .debug_abbrev  0x00000083       0xfb startup.o

.debug_loc      0x00000000       0xb4
 .debug_loc     0x00000000       0x38 main.o
 .debug_loc     0x00000038       0x7c startup.o

.debug_aranges  0x00000000       0x40
 .debug_aranges
                0x00000000       0x20 main.o
 .debug_aranges
                0x00000020       0x20 startup.o

.debug_line     0x00000000      0x1ab
 .debug_line    0x00000000       0x83 main.o
 .debug_line    0x00000083      0x128 startup.o

.debug_str      0x00000000      0x1b7
 .debug_str     0x00000000       0xd2 main.o
                                 0xdf (size before relaxing)
 .debug_str     0x000000d2       0xe5 startup.o
                                0x1eb (size before relaxing)

.comment        0x00000000       0x4c
 .comment       0x00000000       0x4c main.o
                                 0x4d (size before relaxing)
 .comment       0x0000004c       0x4d startup.o

.ARM.attributes
                0x00000000       0x2d
 .ARM.attributes
                0x00000000       0x2d main.o
 .ARM.attributes
                0x0000002d       0x2d startup.o

.debug_frame    0x00000000       0x7c
 .debug_frame   0x00000000       0x2c main.o
 .debug_frame   0x0000002c       0x50 startup.o
