
Memory Configuration

Name             Origin             Length             Attributes
flash            0x00000000         0x20000000         xr
sram             0x20000000         0x20000000         xrw
*default*        0x00000000         0xffffffff

Linker script and memory map


.text           0x00000000      0x13c
 *(.vectors*)
 .vectors       0x00000000       0x18 startup.o
                0x00000000                g_Ptr_Func_Vectors
 *(.text*)
 .text          0x00000018       0x94 main.o
                0x00000018                main
 .text          0x000000ac       0x90 startup.o
                0x000000ac                H_Fault_Handler
                0x000000ac                Bus_Handler
                0x000000ac                Default_Handler
                0x000000ac                Usage_Fault_Handler
                0x000000ac                NMI_Handler
                0x000000b8                Reset_Handler
 *(.rodata*)
                0x0000013c                        . = ALIGN (0x4)
                0x0000013c                        _E_TEXT = .

.glue_7         0x0000013c        0x0
 .glue_7        0x0000013c        0x0 linker stubs

.glue_7t        0x0000013c        0x0
 .glue_7t       0x0000013c        0x0 linker stubs

.vfp11_veneer   0x0000013c        0x0
 .vfp11_veneer  0x0000013c        0x0 linker stubs

.v4_bx          0x0000013c        0x0
 .v4_bx         0x0000013c        0x0 linker stubs

.iplt           0x0000013c        0x0
 .iplt          0x0000013c        0x0 startup.o

.rel.dyn        0x0000013c        0x0
 .rel.iplt      0x0000013c        0x0 startup.o

.data           0x20000000        0x0 load address 0x0000013c
                0x20000000                        _S_DATA = .
 *(.data*)
 .data          0x20000000        0x0 main.o
 .data          0x20000000        0x0 startup.o
                0x20000000                        . = ALIGN (0x4)
                0x20000000                        _E_DATA = .

.igot.plt       0x20000000        0x0 load address 0x0000013c
 .igot.plt      0x20000000        0x0 startup.o

.bss            0x20000000      0x400 load address 0x0000013c
                0x20000000                        _S_BSS = .
 *(.bss*)
 .bss           0x20000000        0x0 main.o
 .bss           0x20000000      0x400 startup.o
                0x20000400                        . = ALIGN (0x4)
                0x20000400                        _E_BSS = .
LOAD main.o
LOAD startup.o
OUTPUT(ledToggleLabAdvancedTivaC.elf elf32-littlearm)
LOAD linker stubs

.debug_info     0x00000000      0x25e
 .debug_info    0x00000000       0x6f main.o
 .debug_info    0x0000006f      0x1ef startup.o

.debug_abbrev   0x00000000      0x171
 .debug_abbrev  0x00000000       0x68 main.o
 .debug_abbrev  0x00000068      0x109 startup.o

.debug_loc      0x00000000       0xb4
 .debug_loc     0x00000000       0x38 main.o
 .debug_loc     0x00000038       0x7c startup.o

.debug_aranges  0x00000000       0x40
 .debug_aranges
                0x00000000       0x20 main.o
 .debug_aranges
                0x00000020       0x20 startup.o

.debug_line     0x00000000      0x1bf
 .debug_line    0x00000000       0x95 main.o
 .debug_line    0x00000095      0x12a startup.o

.debug_str      0x00000000      0x1b8
 .debug_str     0x00000000       0xc8 main.o
                                 0xda (size before relaxing)
 .debug_str     0x000000c8       0xf0 startup.o
                                0x1e0 (size before relaxing)

.comment        0x00000000       0x4c
 .comment       0x00000000       0x4c main.o
                                 0x4d (size before relaxing)
 .comment       0x0000004c       0x4d startup.o

.ARM.attributes
                0x00000000       0x2e
 .ARM.attributes
                0x00000000       0x2e main.o
 .ARM.attributes
                0x0000002e       0x2e startup.o

.debug_frame    0x00000000       0x7c
 .debug_frame   0x00000000       0x2c main.o
 .debug_frame   0x0000002c       0x50 startup.o
