
Memory Configuration

Name             Origin             Length             Attributes
flash            0x08000000         0x00020000         xr
sram             0x20000000         0x00005000         xrw
*default*        0x00000000         0xffffffff

Linker script and memory map


.text           0x08000000       0xd8
 *(.vectors)
 .vectors       0x08000000       0x54 startup.o
 *(.text)
 .text          0x08000054       0x7c main.o
                0x08000054                main
 .text          0x080000d0        0x8 startup.o

.data           0x080000d8        0x0
 .data          0x080000d8        0x0 main.o
 .data          0x080000d8        0x0 startup.o

.igot.plt       0x080000d8        0x0
 .igot.plt      0x080000d8        0x0 startup.o

.glue_7         0x080000d8        0x0
 .glue_7        0x080000d8        0x0 linker stubs

.glue_7t        0x080000d8        0x0
 .glue_7t       0x080000d8        0x0 linker stubs

.vfp11_veneer   0x080000d8        0x0
 .vfp11_veneer  0x080000d8        0x0 linker stubs

.v4_bx          0x080000d8        0x0
 .v4_bx         0x080000d8        0x0 linker stubs

.iplt           0x080000d8        0x0
 .iplt          0x080000d8        0x0 startup.o

.rel.dyn        0x080000d8        0x0
 .rel.iplt      0x080000d8        0x0 startup.o

.bss            0x20000000        0x0
 *(.bss)
 .bss           0x20000000        0x0 main.o
 .bss           0x20000000        0x0 startup.o
LOAD main.o
LOAD startup.o
OUTPUT(ledToggleLabAdvanced.elf elf32-littlearm)
LOAD linker stubs

.debug_info     0x00000000       0xbd
 .debug_info    0x00000000       0x97 main.o
 .debug_info    0x00000097       0x26 startup.o

.debug_abbrev   0x00000000       0x97
 .debug_abbrev  0x00000000       0x83 main.o
 .debug_abbrev  0x00000083       0x14 startup.o

.debug_loc      0x00000000       0x38
 .debug_loc     0x00000000       0x38 main.o

.debug_aranges  0x00000000       0x40
 .debug_aranges
                0x00000000       0x20 main.o
 .debug_aranges
                0x00000020       0x20 startup.o

.debug_line     0x00000000       0xbe
 .debug_line    0x00000000       0x83 main.o
 .debug_line    0x00000083       0x3b startup.o

.debug_str      0x00000000       0xf3
 .debug_str     0x00000000       0xda main.o
 .debug_str     0x000000da       0x19 startup.o
                                 0x7f (size before relaxing)

.comment        0x00000000       0x4c
 .comment       0x00000000       0x4c main.o
                                 0x4d (size before relaxing)

.ARM.attributes
                0x00000000       0x2b
 .ARM.attributes
                0x00000000       0x2d main.o
 .ARM.attributes
                0x0000002d       0x21 startup.o

.debug_frame    0x00000000       0x2c
 .debug_frame   0x00000000       0x2c main.o
